<html>
<body>
<pre>
<h1>µVision Build Log</h1>
<h2>Tool Versions:</h2>
IDE-Version: ¦ÌVision V5.15
Copyright (C) 2015 ARM Ltd and ARM Germany GmbH. All rights reserved.
License Information: tianchang action.tianchang, action, LIC=GMZJJ-UKSWG-8TC3P-M9GA0-6YJS4-RFVSF
 
Tool Versions:
Toolchain:       MDK-ARM Standard  Version: 5.15.0
Toolchain Path:  C:\Keil_v5\ARM\ARMCC\Bin
C Compiler:      Armcc.exe V5.05 update 2 (build 169)
Assembler:       Armasm.exe V5.05 update 2 (build 169)
Linker/Locator:  ArmLink.exe V5.05 update 2 (build 169)
Library Manager: ArmAr.exe V5.05 update 2 (build 169)
Hex Converter:   FromElf.exe V5.05 update 2 (build 169)
CPU DLL:         SARMCM3.DLL V5.15.0
Dialog DLL:      DCM.DLL V1.13.2.0
Target DLL:      Segger\JL2CM3.dll V2.99.15.0
Dialog DLL:      TCM.DLL V1.14.5.0
 
<h2>Project:</h2>
C:\Users\action.tianchang\Desktop\4xx´¿¾»°æ\demo\MDK-ARM\demo.uvprojx
Project File Date:  12/02/2016

<h2>Output:</h2>
*** Using Compiler 'V5.05 update 2 (build 169)', folder: 'C:\Keil_v5\ARM\ARMCC\Bin'
Build target 'ACTION'
compiling action_driver.c...
..\Action_User\action_driver.c(514): warning:  #111-D: statement is unreachable
                                                                         break;
..\Action_User\action_driver.c(522): warning:  #940-D: missing return statement at end of non-void function "Action_Check_Error"
  }
..\Action_User\action_driver.c(494): warning:  #177-D: variable "Speed_Value" was declared but never referenced
            static int32_t Speed_Value=0;
..\Action_User\action_driver.c(495): warning:  #177-D: variable "AbsolutePosition_Value" was declared but never referenced
            static int32_t AbsolutePosition_Value=0;
..\Action_User\action_driver.c(496): warning:  #177-D: variable "RelativePosition_Value" was declared but never referenced
            static int32_t RelativePosition_Value=0;    
..\Action_User\action_driver.c(497): warning:  #177-D: variable "Current_Value" was declared but never referenced
        static int32_t Current_Value=0; 
..\Action_User\action_driver.c(499): warning:  #550-D: variable "Subindex" was set but never used
            static uint8_t  Subindex,SDO;       
..\Action_User\action_driver.c(555): warning:  #111-D: statement is unreachable
                                                                break;
..\Action_User\action_driver.c(560): warning:  #111-D: statement is unreachable
                                                                break;
..\Action_User\action_driver.c(565): warning:  #111-D: statement is unreachable
                                                                break;
..\Action_User\action_driver.c(570): warning:  #111-D: statement is unreachable
                                                                break;
..\Action_User\action_driver.c(577): warning:  #940-D: missing return statement at end of non-void function "Action_Get_Motor_Feedback"
  }
..\Action_User\action_driver.c(538): warning:  #550-D: variable "Subindex" was set but never used
            static uint8_t  Subindex,SDO;       
..\Action_User\action_driver.c(606): warning:  #1-D: last line of file ends without a newline
  }
..\Action_User\action_driver.c: 14 warnings, 0 errors
compiling timer.c...
linking...
Program Size: Code=420 RO-data=408 RW-data=0 ZI-data=1024  
FromELF: creating hex file...
".\SZW_STM32F407\demo.axf" - 0 Error(s), 14 Warning(s).

<h2>Collection of Component include folders:</h2>
  C:\Users\action.tianchang\Desktop\4xx´¿¾»°æ\demo\MDK-ARM\RTE
  C:\Keil_v5\ARM\PACK\Keil\STM32F4xx_DFP\2.3.0\Drivers\CMSIS\Device\ST\STM32F4xx\Include

<h2>Collection of Component Files used:</h2>
</pre>
</body>
</html>
